2026-07-29 18:22:07,933 | INFO     | Logging service started
2026-07-30 08:23:34,106 | INFO     | Logging service started.
2026-07-30 08:23:34,106 | INFO     | Logging service stopped.
2026-07-30 08:53:43,021 | INFO     | Logging service started.
2026-07-30 08:53:43,022 | INFO     | Logging service stopped.
2026-07-30 08:55:30,934 | INFO     | Logging service started.
2026-07-30 08:55:30,934 | INFO     | Logging service stopped.
2026-07-30 08:59:42,849 | INFO     | Logging service started.
2026-07-30 08:59:42,849 | INFO     | Logging service stopped.
2026-07-30 09:00:07,594 | INFO     | Logging service started.
2026-07-30 09:00:07,594 | INFO     | Logging service stopped.
2026-07-30 09:02:05,646 | INFO     | Logging service started.
2026-07-30 09:02:05,646 | INFO     | Logging service stopped.
2026-07-30 09:04:07,074 | INFO     | Logging service started.
2026-07-30 09:04:07,074 | INFO     | Logging service stopped.
2026-07-30 13:50:05,057 | INFO     | Logging service started.
2026-07-30 13:50:05,057 | INFO     | Logging service stopped.
2026-07-30 13:51:54,878 | INFO     | Logging service started.
2026-07-30 13:51:54,878 | INFO     | Logging service stopped.
2026-07-30 13:53:41,210 | INFO     | Logging service started.
2026-07-30 13:53:41,210 | INFO     | Logging service stopped.
2026-07-30 13:56:38,378 | INFO     | Logging service started.
2026-07-30 13:56:38,378 | INFO     | Logging service stopped.
2026-07-30 13:58:36,752 | INFO     | Logging service started.
2026-07-30 13:58:36,752 | INFO     | Logging service stopped.
2026-07-30 15:46:16,619 | INFO     | Logging service started.
2026-07-30 15:46:16,619 | INFO     | Logging service stopped.
2026-07-30 15:58:49,165 | INFO     | Logging service started.
2026-07-30 15:58:49,165 | INFO     | Logging service stopped.
2026-07-30 16:00:33,087 | INFO     | Logging service started.
2026-07-30 16:00:33,087 | INFO     | Logging service stopped.
2026-07-30 16:02:37,566 | INFO     | Logging service started.
2026-07-30 16:02:37,566 | INFO     | Logging service stopped.
2026-07-30 16:05:03,845 | INFO     | Logging service started.
2026-07-30 16:05:03,845 | INFO     | Logging service stopped.
2026-07-30 16:06:51,581 | INFO     | Logging service started.
2026-07-30 16:06:51,581 | INFO     | Logging service stopped.
2026-07-30 16:08:51,653 | INFO     | Logging service started.
2026-07-30 16:08:51,653 | INFO     | Logging service stopped.
{"timestamp": "2026-07-31T09:10:18.822615+00:00", "level": "INFO", "module": "application", "message": "startup", "correlation_id": null, "thread": "main", "context": {"environment": "test"}}
{"timestamp": "2026-07-31T09:10:18.830380+00:00", "level": "INFO", "module": "rotation", "message": "xxxxxxxxxxxxxxxxxxxx", "correlation_id": null, "thread": "main", "context": null}
{"timestamp": "2026-07-31T09:10:18.830421+00:00", "level": "INFO", "module": "rotation", "message": "xxxxxxxxxxxxxxxxxxxx", "correlation_id": null, "thread": "main", "context": null}
{"timestamp": "2026-07-31T09:10:18.830439+00:00", "level": "INFO", "module": "rotation", "message": "xxxxxxxxxxxxxxxxxxxx", "correlation_id": null, "thread": "main", "context": null}
{"timestamp": "2026-07-31T09:10:18.830453+00:00", "level": "INFO", "module": "rotation", "message": "xxxxxxxxxxxxxxxxxxxx", "correlation_id": null, "thread": "main", "context": null}
{"timestamp": "2026-07-31T09:10:18.830467+00:00", "level": "INFO", "module": "rotation", "message": "xxxxxxxxxxxxxxxxxxxx", "correlation_id": null, "thread": "main", "context": null}
{"timestamp": "2026-07-31T09:10:18.830479+00:00", "level": "INFO", "module": "rotation", "message": "xxxxxxxxxxxxxxxxxxxx", "correlation_id": null, "thread": "main", "context": null}
{"timestamp": "2026-07-31T09:10:18.830490+00:00", "level": "INFO", "module": "rotation", "message": "xxxxxxxxxxxxxxxxxxxx", "correlation_id": null, "thread": "main", "context": null}
{"timestamp": "2026-07-31T09:10:18.830502+00:00", "level": "INFO", "module": "rotation", "message": "xxxxxxxxxxxxxxxxxxxx", "correlation_id": null, "thread": "main", "context": null}
{"timestamp": "2026-07-31T09:10:18.830513+00:00", "level": "INFO", "module": "rotation", "message": "xxxxxxxxxxxxxxxxxxxx", "correlation_id": null, "thread": "main", "context": null}
{"timestamp": "2026-07-31T09:10:18.830527+00:00", "level": "INFO", "module": "rotation", "message": "xxxxxxxxxxxxxxxxxxxx", "correlation_id": null, "thread": "main", "context": null}
{"timestamp": "2026-07-31T09:10:18.830536+00:00", "level": "INFO", "module": "rotation", "message": "xxxxxxxxxxxxxxxxxxxx", "correlation_id": null, "thread": "main", "context": null}
{"timestamp": "2026-07-31T09:10:18.830546+00:00", "level": "INFO", "module": "rotation", "message": "xxxxxxxxxxxxxxxxxxxx", "correlation_id": null, "thread": "main", "context": null}
{"timestamp": "2026-07-31T09:10:18.830555+00:00", "level": "INFO", "module": "rotation", "message": "xxxxxxxxxxxxxxxxxxxx", "correlation_id": null, "thread": "main", "context": null}
{"timestamp": "2026-07-31T09:10:18.830564+00:00", "level": "INFO", "module": "rotation", "message": "xxxxxxxxxxxxxxxxxxxx", "correlation_id": null, "thread": "main", "context": null}
{"timestamp": "2026-07-31T09:10:18.830573+00:00", "level": "INFO", "module": "rotation", "message": "xxxxxxxxxxxxxxxxxxxx", "correlation_id": null, "thread": "main", "context": null}
{"timestamp": "2026-07-31T09:10:18.830582+00:00", "level": "INFO", "module": "rotation", "message": "xxxxxxxxxxxxxxxxxxxx", "correlation_id": null, "thread": "main", "context": null}
{"timestamp": "2026-07-31T09:10:18.830591+00:00", "level": "INFO", "module": "rotation", "message": "xxxxxxxxxxxxxxxxxxxx", "correlation_id": null, "thread": "main", "context": null}
{"timestamp": "2026-07-31T09:10:18.830600+00:00", "level": "INFO", "module": "rotation", "message": "xxxxxxxxxxxxxxxxxxxx", "correlation_id": null, "thread": "main", "context": null}
{"timestamp": "2026-07-31T09:10:18.830609+00:00", "level": "INFO", "module": "rotation", "message": "xxxxxxxxxxxxxxxxxxxx", "correlation_id": null, "thread": "main", "context": null}
{"timestamp": "2026-07-31T09:10:18.830617+00:00", "level": "INFO", "module": "rotation", "message": "xxxxxxxxxxxxxxxxxxxx", "correlation_id": null, "thread": "main", "context": null}
{"timestamp": "2026-07-31T09:10:18.830626+00:00", "level": "INFO", "module": "rotation", "message": "xxxxxxxxxxxxxxxxxxxx", "correlation_id": null, "thread": "main", "context": null}
{"timestamp": "2026-07-31T09:10:18.830635+00:00", "level": "INFO", "module": "rotation", "message": "xxxxxxxxxxxxxxxxxxxx", "correlation_id": null, "thread": "main", "context": null}
{"timestamp": "2026-07-31T09:10:18.830643+00:00", "level": "INFO", "module": "rotation", "message": "xxxxxxxxxxxxxxxxxxxx", "correlation_id": null, "thread": "main", "context": null}
{"timestamp": "2026-07-31T09:10:18.830654+00:00", "level": "INFO", "module": "rotation", "message": "xxxxxxxxxxxxxxxxxxxx", "correlation_id": null, "thread": "main", "context": null}
{"timestamp": "2026-07-31T09:10:18.830663+00:00", "level": "INFO", "module": "rotation", "message": "xxxxxxxxxxxxxxxxxxxx", "correlation_id": null, "thread": "main", "context": null}
{"timestamp": "2026-07-31T09:10:18.830673+00:00", "level": "INFO", "module": "rotation", "message": "xxxxxxxxxxxxxxxxxxxx", "correlation_id": null, "thread": "main", "context": null}
{"timestamp": "2026-07-31T09:10:18.830682+00:00", "level": "INFO", "module": "rotation", "message": "xxxxxxxxxxxxxxxxxxxx", "correlation_id": null, "thread": "main", "context": null}
{"timestamp": "2026-07-31T09:10:18.830691+00:00", "level": "INFO", "module": "rotation", "message": "xxxxxxxxxxxxxxxxxxxx", "correlation_id": null, "thread": "main", "context": null}
{"timestamp": "2026-07-31T09:10:18.830700+00:00", "level": "INFO", "module": "rotation", "message": "xxxxxxxxxxxxxxxxxxxx", "correlation_id": null, "thread": "main", "context": null}
{"timestamp": "2026-07-31T09:10:18.830708+00:00", "level": "INFO", "module": "rotation", "message": "xxxxxxxxxxxxxxxxxxxx", "correlation_id": null, "thread": "main", "context": null}
{"timestamp": "2026-07-31T09:10:18.832161+00:00", "level": "INFO", "module": "scanner", "message": "scanner event", "correlation_id": "workflow-123", "thread": "main", "context": null}
{"timestamp": "2026-07-31T09:10:18.833130+00:00", "level": "INFO", "module": "application", "message": "startup", "correlation_id": "abc123", "thread": "main", "context": null}
{"timestamp": "2026-07-31T09:10:18.833789+00:00", "level": "ERROR", "module": "broker", "message": "boom", "correlation_id": null, "thread": "main", "context": {"exception_type": "ValueError"}}
{"timestamp": "2026-07-31T09:11:04.137752+00:00", "level": "INFO", "module": "application", "message": "startup", "correlation_id": null, "thread": "main", "context": {"environment": "test"}}
{"timestamp": "2026-07-31T09:11:04.144558+00:00", "level": "INFO", "module": "infrastructure.logging", "message": "Logging service started.", "correlation_id": null, "thread": "main", "context": null}
{"timestamp": "2026-07-31T09:11:04.145104+00:00", "level": "INFO", "module": "rotation", "message": "xxxxxxxxxxxxxxxxxxxx", "correlation_id": null, "thread": "main", "context": null}
{"timestamp": "2026-07-31T09:11:04.145138+00:00", "level": "INFO", "module": "rotation", "message": "xxxxxxxxxxxxxxxxxxxx", "correlation_id": null, "thread": "main", "context": null}
{"timestamp": "2026-07-31T09:11:04.145158+00:00", "level": "INFO", "module": "rotation", "message": "xxxxxxxxxxxxxxxxxxxx", "correlation_id": null, "thread": "main", "context": null}
{"timestamp": "2026-07-31T09:11:04.145174+00:00", "level": "INFO", "module": "rotation", "message": "xxxxxxxxxxxxxxxxxxxx", "correlation_id": null, "thread": "main", "context": null}
{"timestamp": "2026-07-31T09:11:04.145188+00:00", "level": "INFO", "module": "rotation", "message": "xxxxxxxxxxxxxxxxxxxx", "correlation_id": null, "thread": "main", "context": null}
{"timestamp": "2026-07-31T09:11:04.145201+00:00", "level": "INFO", "module": "rotation", "message": "xxxxxxxxxxxxxxxxxxxx", "correlation_id": null, "thread": "main", "context": null}
{"timestamp": "2026-07-31T09:11:04.145213+00:00", "level": "INFO", "module": "rotation", "message": "xxxxxxxxxxxxxxxxxxxx", "correlation_id": null, "thread": "main", "context": null}
{"timestamp": "2026-07-31T09:11:04.145226+00:00", "level": "INFO", "module": "rotation", "message": "xxxxxxxxxxxxxxxxxxxx", "correlation_id": null, "thread": "main", "context": null}
{"timestamp": "2026-07-31T09:11:04.145238+00:00", "level": "INFO", "module": "rotation", "message": "xxxxxxxxxxxxxxxxxxxx", "correlation_id": null, "thread": "main", "context": null}
{"timestamp": "2026-07-31T09:11:04.145251+00:00", "level": "INFO", "module": "rotation", "message": "xxxxxxxxxxxxxxxxxxxx", "correlation_id": null, "thread": "main", "context": null}
{"timestamp": "2026-07-31T09:11:04.145263+00:00", "level": "INFO", "module": "rotation", "message": "xxxxxxxxxxxxxxxxxxxx", "correlation_id": null, "thread": "main", "context": null}
{"timestamp": "2026-07-31T09:11:04.145275+00:00", "level": "INFO", "module": "rotation", "message": "xxxxxxxxxxxxxxxxxxxx", "correlation_id": null, "thread": "main", "context": null}
{"timestamp": "2026-07-31T09:11:04.145286+00:00", "level": "INFO", "module": "rotation", "message": "xxxxxxxxxxxxxxxxxxxx", "correlation_id": null, "thread": "main", "context": null}
{"timestamp": "2026-07-31T09:11:04.145298+00:00", "level": "INFO", "module": "rotation", "message": "xxxxxxxxxxxxxxxxxxxx", "correlation_id": null, "thread": "main", "context": null}
{"timestamp": "2026-07-31T09:11:04.145309+00:00", "level": "INFO", "module": "rotation", "message": "xxxxxxxxxxxxxxxxxxxx", "correlation_id": null, "thread": "main", "context": null}
{"timestamp": "2026-07-31T09:11:04.145321+00:00", "level": "INFO", "module": "rotation", "message": "xxxxxxxxxxxxxxxxxxxx", "correlation_id": null, "thread": "main", "context": null}
{"timestamp": "2026-07-31T09:11:04.145332+00:00", "level": "INFO", "module": "rotation", "message": "xxxxxxxxxxxxxxxxxxxx", "correlation_id": null, "thread": "main", "context": null}
{"timestamp": "2026-07-31T09:11:04.145345+00:00", "level": "INFO", "module": "rotation", "message": "xxxxxxxxxxxxxxxxxxxx", "correlation_id": null, "thread": "main", "context": null}
{"timestamp": "2026-07-31T09:11:04.145360+00:00", "level": "INFO", "module": "rotation", "message": "xxxxxxxxxxxxxxxxxxxx", "correlation_id": null, "thread": "main", "context": null}
{"timestamp": "2026-07-31T09:11:04.145374+00:00", "level": "INFO", "module": "rotation", "message": "xxxxxxxxxxxxxxxxxxxx", "correlation_id": null, "thread": "main", "context": null}
{"timestamp": "2026-07-31T09:11:04.145388+00:00", "level": "INFO", "module": "rotation", "message": "xxxxxxxxxxxxxxxxxxxx", "correlation_id": null, "thread": "main", "context": null}
{"timestamp": "2026-07-31T09:11:04.145402+00:00", "level": "INFO", "module": "rotation", "message": "xxxxxxxxxxxxxxxxxxxx", "correlation_id": null, "thread": "main", "context": null}
{"timestamp": "2026-07-31T09:11:04.145413+00:00", "level": "INFO", "module": "rotation", "message": "xxxxxxxxxxxxxxxxxxxx", "correlation_id": null, "thread": "main", "context": null}
{"timestamp": "2026-07-31T09:11:04.145427+00:00", "level": "INFO", "module": "rotation", "message": "xxxxxxxxxxxxxxxxxxxx", "correlation_id": null, "thread": "main", "context": null}
{"timestamp": "2026-07-31T09:11:04.145438+00:00", "level": "INFO", "module": "rotation", "message": "xxxxxxxxxxxxxxxxxxxx", "correlation_id": null, "thread": "main", "context": null}
{"timestamp": "2026-07-31T09:11:04.145450+00:00", "level": "INFO", "module": "rotation", "message": "xxxxxxxxxxxxxxxxxxxx", "correlation_id": null, "thread": "main", "context": null}
{"timestamp": "2026-07-31T09:11:04.145461+00:00", "level": "INFO", "module": "rotation", "message": "xxxxxxxxxxxxxxxxxxxx", "correlation_id": null, "thread": "main", "context": null}
{"timestamp": "2026-07-31T09:11:04.145473+00:00", "level": "INFO", "module": "rotation", "message": "xxxxxxxxxxxxxxxxxxxx", "correlation_id": null, "thread": "main", "context": null}
{"timestamp": "2026-07-31T09:11:04.145484+00:00", "level": "INFO", "module": "rotation", "message": "xxxxxxxxxxxxxxxxxxxx", "correlation_id": null, "thread": "main", "context": null}
{"timestamp": "2026-07-31T09:11:04.145496+00:00", "level": "INFO", "module": "rotation", "message": "xxxxxxxxxxxxxxxxxxxx", "correlation_id": null, "thread": "main", "context": null}
{"timestamp": "2026-07-31T09:11:04.146810+00:00", "level": "INFO", "module": "scanner", "message": "scanner event", "correlation_id": "workflow-123", "thread": "main", "context": null}
{"timestamp": "2026-07-31T09:11:04.147679+00:00", "level": "INFO", "module": "application", "message": "startup", "correlation_id": "abc123", "thread": "main", "context": null}
{"timestamp": "2026-07-31T09:11:04.148181+00:00", "level": "ERROR", "module": "broker", "message": "boom", "correlation_id": null, "thread": "main", "context": {"exception_type": "ValueError"}}
{"timestamp": "2026-07-31T09:11:40.586057+00:00", "level": "INFO", "module": "x", "message": "hello", "correlation_id": null, "thread": "main", "context": null}
{"timestamp": "2026-07-31T09:15:17.280052+00:00", "level": "INFO", "module": "orchestration", "message": "orchestrator pipeline started", "correlation_id": null, "thread": "main", "context": null}
{"timestamp": "2026-07-31T09:15:17.280553+00:00", "level": "INFO", "module": "orchestration", "message": "orchestrator pipeline completed", "correlation_id": null, "thread": "main", "context": {"ticker": "AAPL"}}
{"timestamp": "2026-07-31T09:50:10.566992+00:00", "level": "INFO", "module": "orchestration", "message": "orchestrator pipeline started", "correlation_id": null, "thread": "main", "context": null}
{"timestamp": "2026-07-31T09:50:10.567410+00:00", "level": "INFO", "module": "orchestration", "message": "orchestrator pipeline completed", "correlation_id": null, "thread": "main", "context": {"ticker": "AAPL"}}
{"timestamp": "2026-07-31T18:25:47.051008+00:00", "level": "INFO", "module": "orchestration", "message": "orchestrator pipeline started", "correlation_id": null, "thread": "main", "context": null}
{"timestamp": "2026-07-31T18:25:47.051450+00:00", "level": "INFO", "module": "orchestration", "message": "orchestrator pipeline completed", "correlation_id": null, "thread": "main", "context": {"ticker": "AAPL"}}
{"timestamp": "2026-07-31T18:27:54.530317+00:00", "level": "INFO", "module": "orchestration", "message": "orchestrator pipeline started", "correlation_id": null, "thread": "main", "context": null}
{"timestamp": "2026-07-31T18:27:54.530662+00:00", "level": "INFO", "module": "orchestration", "message": "orchestrator pipeline completed", "correlation_id": null, "thread": "main", "context": {"ticker": "AAPL"}}
{"timestamp": "2026-07-31T18:55:35.353672+00:00", "level": "INFO", "module": "orchestration", "message": "orchestrator pipeline started", "correlation_id": null, "thread": "main", "context": null}
{"timestamp": "2026-07-31T18:55:35.354178+00:00", "level": "INFO", "module": "orchestration", "message": "orchestrator pipeline completed", "correlation_id": null, "thread": "main", "context": {"ticker": "AAPL"}}
{"timestamp": "2026-07-31T18:57:05.613915+00:00", "level": "INFO", "module": "orchestration", "message": "orchestrator pipeline started", "correlation_id": null, "thread": "main", "context": null}
{"timestamp": "2026-07-31T18:57:05.614235+00:00", "level": "INFO", "module": "orchestration", "message": "orchestrator pipeline completed", "correlation_id": null, "thread": "main", "context": {"ticker": "AAPL"}}
{"timestamp": "2026-07-31T19:03:26.999083+00:00", "level": "INFO", "module": "orchestration", "message": "orchestrator pipeline started", "correlation_id": null, "thread": "main", "context": null}
{"timestamp": "2026-07-31T19:03:26.999419+00:00", "level": "INFO", "module": "orchestration", "message": "orchestrator pipeline completed", "correlation_id": null, "thread": "main", "context": {"ticker": "AAPL"}}
{"timestamp": "2026-07-31T19:09:42.308646+00:00", "level": "INFO", "module": "orchestration", "message": "orchestrator pipeline started", "correlation_id": null, "thread": "main", "context": null}
{"timestamp": "2026-07-31T19:09:42.309146+00:00", "level": "INFO", "module": "orchestration", "message": "orchestrator pipeline completed", "correlation_id": null, "thread": "main", "context": {"ticker": "AAPL"}}
{"timestamp": "2026-07-31T19:10:03.694885+00:00", "level": "INFO", "module": "orchestration", "message": "orchestrator pipeline started", "correlation_id": null, "thread": "main", "context": null}
{"timestamp": "2026-07-31T19:10:03.695036+00:00", "level": "INFO", "module": "orchestration", "message": "orchestrator pipeline completed", "correlation_id": null, "thread": "main", "context": {"ticker": "AAPL"}}
{"timestamp": "2026-07-31T19:12:50.829217+00:00", "level": "INFO", "module": "orchestration", "message": "orchestrator pipeline started", "correlation_id": null, "thread": "main", "context": null}
{"timestamp": "2026-07-31T19:12:50.829760+00:00", "level": "INFO", "module": "orchestration", "message": "orchestrator pipeline completed", "correlation_id": null, "thread": "main", "context": {"ticker": "AAPL"}}
{"timestamp": "2026-07-31T19:22:28.214777+00:00", "level": "INFO", "module": "orchestration", "message": "orchestrator pipeline started", "correlation_id": null, "thread": "main", "context": null}
{"timestamp": "2026-07-31T19:22:28.215180+00:00", "level": "INFO", "module": "orchestration", "message": "orchestrator pipeline completed", "correlation_id": null, "thread": "main", "context": {"ticker": "AAPL"}}
{"timestamp": "2026-07-31T19:28:36.382258+00:00", "level": "INFO", "module": "orchestration", "message": "orchestrator pipeline started", "correlation_id": null, "thread": "main", "context": null}
{"timestamp": "2026-07-31T19:28:36.382575+00:00", "level": "INFO", "module": "orchestration", "message": "orchestrator pipeline completed", "correlation_id": null, "thread": "main", "context": {"ticker": "AAPL"}}
{"timestamp": "2026-07-31T19:35:14.991450+00:00", "level": "INFO", "module": "orchestration", "message": "orchestrator pipeline started", "correlation_id": null, "thread": "main", "context": null}
{"timestamp": "2026-07-31T19:35:14.991673+00:00", "level": "INFO", "module": "orchestration", "message": "orchestrator pipeline completed", "correlation_id": null, "thread": "main", "context": {"ticker": "AAPL"}}
{"timestamp": "2026-07-31T19:40:10.565224+00:00", "level": "INFO", "module": "orchestration", "message": "orchestrator pipeline started", "correlation_id": null, "thread": "main", "context": null}
{"timestamp": "2026-07-31T19:40:10.565525+00:00", "level": "INFO", "module": "orchestration", "message": "orchestrator pipeline completed", "correlation_id": null, "thread": "main", "context": {"ticker": "AAPL"}}
{"timestamp": "2026-07-31T20:14:34.951036+00:00", "level": "INFO", "module": "orchestration", "message": "orchestrator pipeline started", "correlation_id": null, "thread": "main", "context": null}
{"timestamp": "2026-07-31T20:14:34.951334+00:00", "level": "INFO", "module": "orchestration", "message": "orchestrator pipeline completed", "correlation_id": null, "thread": "main", "context": {"ticker": "AAPL"}}
{"timestamp": "2026-08-01T11:50:08.811455+00:00", "level": "INFO", "module": "orchestration", "message": "orchestrator pipeline started", "correlation_id": null, "thread": "main", "context": null}
{"timestamp": "2026-08-01T11:50:08.811755+00:00", "level": "INFO", "module": "orchestration", "message": "orchestrator pipeline completed", "correlation_id": null, "thread": "main", "context": {"ticker": "AAPL"}}
{"timestamp": "2026-08-01T11:57:04.552593+00:00", "level": "INFO", "module": "orchestration", "message": "orchestrator pipeline started", "correlation_id": null, "thread": "main", "context": null}
{"timestamp": "2026-08-01T11:57:04.553288+00:00", "level": "INFO", "module": "orchestration", "message": "orchestrator pipeline completed", "correlation_id": null, "thread": "main", "context": {"ticker": "AAPL"}}
{"timestamp": "2026-08-01T12:14:02.605596+00:00", "level": "INFO", "module": "orchestration", "message": "orchestrator pipeline started", "correlation_id": null, "thread": "main", "context": null}
{"timestamp": "2026-08-01T12:14:02.606134+00:00", "level": "INFO", "module": "orchestration", "message": "orchestrator pipeline completed", "correlation_id": null, "thread": "main", "context": {"ticker": "AAPL"}}
{"timestamp": "2026-08-01T12:21:54.395654+00:00", "level": "INFO", "module": "orchestration", "message": "orchestrator pipeline started", "correlation_id": null, "thread": "main", "context": null}
{"timestamp": "2026-08-01T12:21:54.396008+00:00", "level": "INFO", "module": "orchestration", "message": "orchestrator pipeline completed", "correlation_id": null, "thread": "main", "context": {"ticker": "AAPL"}}
{"timestamp": "2026-08-01T12:26:19.974664+00:00", "level": "INFO", "module": "orchestration", "message": "orchestrator pipeline started", "correlation_id": null, "thread": "main", "context": null}
{"timestamp": "2026-08-01T12:26:19.975226+00:00", "level": "INFO", "module": "orchestration", "message": "orchestrator pipeline completed", "correlation_id": null, "thread": "main", "context": {"ticker": "AAPL"}}
{"timestamp": "2026-08-01T12:26:59.616504+00:00", "level": "INFO", "module": "orchestration", "message": "orchestrator pipeline started", "correlation_id": null, "thread": "main", "context": null}
{"timestamp": "2026-08-01T12:26:59.616834+00:00", "level": "INFO", "module": "orchestration", "message": "orchestrator pipeline completed", "correlation_id": null, "thread": "main", "context": {"ticker": "AAPL"}}
{"timestamp": "2026-08-01T12:29:07.462959+00:00", "level": "INFO", "module": "orchestration", "message": "orchestrator pipeline started", "correlation_id": null, "thread": "main", "context": null}
{"timestamp": "2026-08-01T12:29:07.463692+00:00", "level": "INFO", "module": "orchestration", "message": "orchestrator pipeline completed", "correlation_id": null, "thread": "main", "context": {"ticker": "AAPL"}}
{"timestamp": "2026-08-01T12:38:58.782277+00:00", "level": "INFO", "module": "orchestration", "message": "orchestrator pipeline started", "correlation_id": null, "thread": "main", "context": null}
{"timestamp": "2026-08-01T12:38:58.782926+00:00", "level": "INFO", "module": "orchestration", "message": "orchestrator pipeline completed", "correlation_id": null, "thread": "main", "context": {"ticker": "AAPL"}}
{"timestamp": "2026-08-01T12:43:57.931184+00:00", "level": "INFO", "module": "orchestration", "message": "orchestrator pipeline started", "correlation_id": null, "thread": "main", "context": null}
{"timestamp": "2026-08-01T12:43:57.931636+00:00", "level": "INFO", "module": "orchestration", "message": "orchestrator pipeline completed", "correlation_id": null, "thread": "main", "context": {"ticker": "AAPL"}}
{"timestamp": "2026-08-02T08:43:39.313432+00:00", "level": "INFO", "module": "orchestration", "message": "orchestrator pipeline started", "correlation_id": null, "thread": "main", "context": null}
{"timestamp": "2026-08-02T08:43:39.313966+00:00", "level": "INFO", "module": "orchestration", "message": "orchestrator pipeline completed", "correlation_id": null, "thread": "main", "context": {"ticker": "AAPL"}}
{"timestamp": "2026-08-02T08:48:11.984674+00:00", "level": "INFO", "module": "orchestration", "message": "orchestrator pipeline started", "correlation_id": null, "thread": "main", "context": null}
{"timestamp": "2026-08-02T08:48:11.985180+00:00", "level": "INFO", "module": "orchestration", "message": "orchestrator pipeline completed", "correlation_id": null, "thread": "main", "context": {"ticker": "AAPL"}}
{"timestamp": "2026-08-03T09:29:13.912114+00:00", "level": "INFO", "module": "orchestration", "message": "orchestrator pipeline started", "correlation_id": null, "thread": "main", "context": null}
{"timestamp": "2026-08-03T09:29:13.912340+00:00", "level": "INFO", "module": "orchestration", "message": "orchestrator pipeline completed", "correlation_id": null, "thread": "main", "context": {"ticker": "AAPL"}}
{"timestamp": "2026-08-03T09:33:15.201550+00:00", "level": "INFO", "module": "orchestration", "message": "orchestrator pipeline started", "correlation_id": null, "thread": "main", "context": null}
{"timestamp": "2026-08-03T09:33:15.202062+00:00", "level": "INFO", "module": "orchestration", "message": "orchestrator pipeline completed", "correlation_id": null, "thread": "main", "context": {"ticker": "AAPL"}}
{"timestamp": "2026-08-03T09:37:11.823000+00:00", "level": "INFO", "module": "orchestration", "message": "orchestrator pipeline started", "correlation_id": null, "thread": "main", "context": null}
{"timestamp": "2026-08-03T09:37:11.823465+00:00", "level": "INFO", "module": "orchestration", "message": "orchestrator pipeline completed", "correlation_id": null, "thread": "main", "context": {"ticker": "AAPL"}}
{"timestamp": "2026-08-04T06:49:55.337886+00:00", "level": "INFO", "module": "orchestration", "message": "orchestrator pipeline started", "correlation_id": null, "thread": "main", "context": null}
{"timestamp": "2026-08-04T06:49:55.338294+00:00", "level": "INFO", "module": "orchestration", "message": "orchestrator pipeline completed", "correlation_id": null, "thread": "main", "context": {"ticker": "AAPL"}}
{"timestamp": "2026-08-04T06:52:21.923663+00:00", "level": "INFO", "module": "orchestration", "message": "orchestrator pipeline started", "correlation_id": null, "thread": "main", "context": null}
{"timestamp": "2026-08-04T06:52:21.924043+00:00", "level": "INFO", "module": "orchestration", "message": "orchestrator pipeline completed", "correlation_id": null, "thread": "main", "context": {"ticker": "AAPL"}}
{"timestamp": "2026-08-04T06:55:22.333713+00:00", "level": "INFO", "module": "orchestration", "message": "orchestrator pipeline started", "correlation_id": null, "thread": "main", "context": null}
{"timestamp": "2026-08-04T06:55:22.334292+00:00", "level": "INFO", "module": "orchestration", "message": "orchestrator pipeline completed", "correlation_id": null, "thread": "main", "context": {"ticker": "AAPL"}}
{"timestamp": "2026-08-04T06:57:37.584095+00:00", "level": "INFO", "module": "orchestration", "message": "orchestrator pipeline started", "correlation_id": null, "thread": "main", "context": null}
{"timestamp": "2026-08-04T06:57:37.584696+00:00", "level": "INFO", "module": "orchestration", "message": "orchestrator pipeline completed", "correlation_id": null, "thread": "main", "context": {"ticker": "AAPL"}}
{"timestamp": "2026-08-04T07:00:20.954085+00:00", "level": "INFO", "module": "orchestration", "message": "orchestrator pipeline started", "correlation_id": null, "thread": "main", "context": null}
{"timestamp": "2026-08-04T07:00:20.954610+00:00", "level": "INFO", "module": "orchestration", "message": "orchestrator pipeline completed", "correlation_id": null, "thread": "main", "context": {"ticker": "AAPL"}}
{"timestamp": "2026-08-04T07:02:24.499787+00:00", "level": "INFO", "module": "orchestration", "message": "orchestrator pipeline started", "correlation_id": null, "thread": "main", "context": null}
{"timestamp": "2026-08-04T07:02:24.500391+00:00", "level": "INFO", "module": "orchestration", "message": "orchestrator pipeline completed", "correlation_id": null, "thread": "main", "context": {"ticker": "AAPL"}}
{"timestamp": "2026-08-04T07:07:54.554376+00:00", "level": "INFO", "module": "orchestration", "message": "orchestrator pipeline started", "correlation_id": null, "thread": "main", "context": null}
{"timestamp": "2026-08-04T07:07:54.554915+00:00", "level": "INFO", "module": "orchestration", "message": "orchestrator pipeline completed", "correlation_id": null, "thread": "main", "context": {"ticker": "AAPL"}}
{"timestamp": "2026-08-04T07:11:01.280127+00:00", "level": "INFO", "module": "orchestration", "message": "orchestrator pipeline started", "correlation_id": null, "thread": "main", "context": null}
{"timestamp": "2026-08-04T07:11:01.280695+00:00", "level": "INFO", "module": "orchestration", "message": "orchestrator pipeline completed", "correlation_id": null, "thread": "main", "context": {"ticker": "AAPL"}}
{"timestamp": "2026-08-04T07:18:32.034282+00:00", "level": "INFO", "module": "orchestration", "message": "orchestrator pipeline started", "correlation_id": null, "thread": "main", "context": null}
{"timestamp": "2026-08-04T07:18:32.034838+00:00", "level": "INFO", "module": "orchestration", "message": "orchestrator pipeline completed", "correlation_id": null, "thread": "main", "context": {"ticker": "AAPL"}}
{"timestamp": "2026-08-04T07:20:55.563764+00:00", "level": "INFO", "module": "orchestration", "message": "orchestrator pipeline started", "correlation_id": null, "thread": "main", "context": null}
{"timestamp": "2026-08-04T07:20:55.564460+00:00", "level": "INFO", "module": "orchestration", "message": "orchestrator pipeline completed", "correlation_id": null, "thread": "main", "context": {"ticker": "AAPL"}}
{"timestamp": "2026-08-04T07:27:03.967444+00:00", "level": "INFO", "module": "orchestration", "message": "orchestrator pipeline started", "correlation_id": null, "thread": "main", "context": null}
{"timestamp": "2026-08-04T07:27:03.968137+00:00", "level": "INFO", "module": "orchestration", "message": "orchestrator pipeline completed", "correlation_id": null, "thread": "main", "context": {"ticker": "AAPL"}}
{"timestamp": "2026-08-04T07:27:39.401704+00:00", "level": "INFO", "module": "orchestration", "message": "orchestrator pipeline started", "correlation_id": null, "thread": "main", "context": null}
{"timestamp": "2026-08-04T07:27:39.402319+00:00", "level": "INFO", "module": "orchestration", "message": "orchestrator pipeline completed", "correlation_id": null, "thread": "main", "context": {"ticker": "AAPL"}}
{"timestamp": "2026-08-04T07:33:02.681283+00:00", "level": "INFO", "module": "orchestration", "message": "orchestrator pipeline started", "correlation_id": null, "thread": "main", "context": null}
{"timestamp": "2026-08-04T07:33:02.682114+00:00", "level": "INFO", "module": "orchestration", "message": "orchestrator pipeline completed", "correlation_id": null, "thread": "main", "context": {"ticker": "AAPL"}}
{"timestamp": "2026-08-04T07:34:34.385872+00:00", "level": "INFO", "module": "orchestration", "message": "orchestrator pipeline started", "correlation_id": null, "thread": "main", "context": null}
{"timestamp": "2026-08-04T07:34:34.386478+00:00", "level": "INFO", "module": "orchestration", "message": "orchestrator pipeline completed", "correlation_id": null, "thread": "main", "context": {"ticker": "AAPL"}}
{"timestamp": "2026-08-04T07:35:29.326371+00:00", "level": "INFO", "module": "orchestration", "message": "orchestrator pipeline started", "correlation_id": null, "thread": "main", "context": null}
{"timestamp": "2026-08-04T07:35:29.326657+00:00", "level": "INFO", "module": "orchestration", "message": "orchestrator pipeline completed", "correlation_id": null, "thread": "main", "context": {"ticker": "AAPL"}}
{"timestamp": "2026-08-04T07:37:05.441441+00:00", "level": "INFO", "module": "orchestration", "message": "orchestrator pipeline started", "correlation_id": null, "thread": "main", "context": null}
{"timestamp": "2026-08-04T07:37:05.441742+00:00", "level": "INFO", "module": "orchestration", "message": "orchestrator pipeline completed", "correlation_id": null, "thread": "main", "context": {"ticker": "AAPL"}}
{"timestamp": "2026-08-04T07:39:24.026530+00:00", "level": "INFO", "module": "orchestration", "message": "orchestrator pipeline started", "correlation_id": null, "thread": "main", "context": null}
{"timestamp": "2026-08-04T07:39:24.026810+00:00", "level": "INFO", "module": "orchestration", "message": "orchestrator pipeline completed", "correlation_id": null, "thread": "main", "context": {"ticker": "AAPL"}}
{"timestamp": "2026-08-04T07:40:14.202604+00:00", "level": "INFO", "module": "orchestration", "message": "orchestrator pipeline started", "correlation_id": null, "thread": "main", "context": null}
{"timestamp": "2026-08-04T07:40:14.202747+00:00", "level": "INFO", "module": "orchestration", "message": "orchestrator pipeline completed", "correlation_id": null, "thread": "main", "context": {"ticker": "AAPL"}}
{"timestamp": "2026-08-04T07:40:55.122317+00:00", "level": "INFO", "module": "orchestration", "message": "orchestrator pipeline started", "correlation_id": null, "thread": "main", "context": null}
{"timestamp": "2026-08-04T07:40:55.122461+00:00", "level": "INFO", "module": "orchestration", "message": "orchestrator pipeline completed", "correlation_id": null, "thread": "main", "context": {"ticker": "AAPL"}}
{"timestamp": "2026-08-04T07:42:04.547519+00:00", "level": "INFO", "module": "orchestration", "message": "orchestrator pipeline started", "correlation_id": null, "thread": "main", "context": null}
{"timestamp": "2026-08-04T07:42:04.547699+00:00", "level": "INFO", "module": "orchestration", "message": "orchestrator pipeline completed", "correlation_id": null, "thread": "main", "context": {"ticker": "AAPL"}}
{"timestamp": "2026-08-04T07:42:43.987030+00:00", "level": "INFO", "module": "orchestration", "message": "orchestrator pipeline started", "correlation_id": null, "thread": "main", "context": null}
{"timestamp": "2026-08-04T07:42:43.987796+00:00", "level": "INFO", "module": "orchestration", "message": "orchestrator pipeline completed", "correlation_id": null, "thread": "main", "context": {"ticker": "AAPL"}}
{"timestamp": "2026-08-04T07:44:50.841222+00:00", "level": "INFO", "module": "orchestration", "message": "orchestrator pipeline started", "correlation_id": null, "thread": "main", "context": null}
{"timestamp": "2026-08-04T07:44:50.841999+00:00", "level": "INFO", "module": "orchestration", "message": "orchestrator pipeline completed", "correlation_id": null, "thread": "main", "context": {"ticker": "AAPL"}}
{"timestamp": "2026-08-04T07:45:29.654537+00:00", "level": "INFO", "module": "orchestration", "message": "orchestrator pipeline started", "correlation_id": null, "thread": "main", "context": null}
{"timestamp": "2026-08-04T07:45:29.655187+00:00", "level": "INFO", "module": "orchestration", "message": "orchestrator pipeline completed", "correlation_id": null, "thread": "main", "context": {"ticker": "AAPL"}}
{"timestamp": "2026-08-04T07:46:13.312508+00:00", "level": "INFO", "module": "orchestration", "message": "orchestrator pipeline started", "correlation_id": null, "thread": "main", "context": null}
{"timestamp": "2026-08-04T07:46:13.312669+00:00", "level": "INFO", "module": "orchestration", "message": "orchestrator pipeline completed", "correlation_id": null, "thread": "main", "context": {"ticker": "AAPL"}}
{"timestamp": "2026-08-04T07:48:48.710442+00:00", "level": "INFO", "module": "orchestration", "message": "orchestrator pipeline started", "correlation_id": null, "thread": "main", "context": null}
{"timestamp": "2026-08-04T07:48:48.710964+00:00", "level": "INFO", "module": "orchestration", "message": "orchestrator pipeline completed", "correlation_id": null, "thread": "main", "context": {"ticker": "AAPL"}}
{"timestamp": "2026-08-04T07:51:34.856192+00:00", "level": "INFO", "module": "orchestration", "message": "orchestrator pipeline started", "correlation_id": null, "thread": "main", "context": null}
{"timestamp": "2026-08-04T07:51:34.856878+00:00", "level": "INFO", "module": "orchestration", "message": "orchestrator pipeline completed", "correlation_id": null, "thread": "main", "context": {"ticker": "AAPL"}}
{"timestamp": "2026-08-04T07:56:57.290940+00:00", "level": "INFO", "module": "orchestration", "message": "orchestrator pipeline started", "correlation_id": null, "thread": "main", "context": null}
{"timestamp": "2026-08-04T07:56:57.291391+00:00", "level": "INFO", "module": "orchestration", "message": "orchestrator pipeline completed", "correlation_id": null, "thread": "main", "context": {"ticker": "AAPL"}}
{"timestamp": "2026-08-04T09:01:27.195313+00:00", "level": "INFO", "module": "orchestration", "message": "orchestrator pipeline started", "correlation_id": null, "thread": "main", "context": null}
{"timestamp": "2026-08-04T09:01:27.196014+00:00", "level": "INFO", "module": "orchestration", "message": "orchestrator pipeline completed", "correlation_id": null, "thread": "main", "context": {"ticker": "AAPL"}}
{"timestamp": "2026-08-04T09:02:46.329304+00:00", "level": "INFO", "module": "orchestration", "message": "orchestrator pipeline started", "correlation_id": null, "thread": "main", "context": null}
{"timestamp": "2026-08-04T09:02:46.329501+00:00", "level": "INFO", "module": "orchestration", "message": "orchestrator pipeline completed", "correlation_id": null, "thread": "main", "context": {"ticker": "AAPL"}}
{"timestamp": "2026-08-04T09:11:37.651137+00:00", "level": "INFO", "module": "orchestration", "message": "orchestrator pipeline started", "correlation_id": null, "thread": "main", "context": null}
{"timestamp": "2026-08-04T09:11:37.651724+00:00", "level": "INFO", "module": "orchestration", "message": "orchestrator pipeline completed", "correlation_id": null, "thread": "main", "context": {"ticker": "AAPL"}}
{"timestamp": "2026-08-04T09:18:27.736006+00:00", "level": "INFO", "module": "orchestration", "message": "orchestrator pipeline started", "correlation_id": null, "thread": "main", "context": null}
{"timestamp": "2026-08-04T09:18:27.736769+00:00", "level": "INFO", "module": "orchestration", "message": "orchestrator pipeline completed", "correlation_id": null, "thread": "main", "context": {"ticker": "AAPL"}}
{"timestamp": "2026-08-04T09:19:03.466786+00:00", "level": "INFO", "module": "orchestration", "message": "orchestrator pipeline started", "correlation_id": null, "thread": "main", "context": null}
{"timestamp": "2026-08-04T09:19:03.466945+00:00", "level": "INFO", "module": "orchestration", "message": "orchestrator pipeline completed", "correlation_id": null, "thread": "main", "context": {"ticker": "AAPL"}}
{"timestamp": "2026-08-04T09:29:17.693853+00:00", "level": "INFO", "module": "orchestration", "message": "orchestrator pipeline started", "correlation_id": null, "thread": "main", "context": null}
{"timestamp": "2026-08-04T09:29:17.694392+00:00", "level": "INFO", "module": "orchestration", "message": "orchestrator pipeline completed", "correlation_id": null, "thread": "main", "context": {"ticker": "AAPL"}}
{"timestamp": "2026-08-04T09:33:13.449380+00:00", "level": "INFO", "module": "orchestration", "message": "orchestrator pipeline started", "correlation_id": null, "thread": "main", "context": null}
{"timestamp": "2026-08-04T09:33:13.450164+00:00", "level": "INFO", "module": "orchestration", "message": "orchestrator pipeline completed", "correlation_id": null, "thread": "main", "context": {"ticker": "AAPL"}}
{"timestamp": "2026-08-04T09:43:33.464150+00:00", "level": "INFO", "module": "orchestration", "message": "orchestrator pipeline started", "correlation_id": null, "thread": "main", "context": null}
{"timestamp": "2026-08-04T09:43:33.464705+00:00", "level": "INFO", "module": "orchestration", "message": "orchestrator pipeline completed", "correlation_id": null, "thread": "main", "context": {"ticker": "AAPL"}}
{"timestamp": "2026-08-04T10:08:23.239101+00:00", "level": "INFO", "module": "orchestration", "message": "orchestrator pipeline started", "correlation_id": null, "thread": "main", "context": null}
{"timestamp": "2026-08-04T10:08:23.239989+00:00", "level": "INFO", "module": "orchestration", "message": "orchestrator pipeline completed", "correlation_id": null, "thread": "main", "context": {"ticker": "AAPL"}}
{"timestamp": "2026-08-04T10:30:05.503375+00:00", "level": "INFO", "module": "orchestration", "message": "orchestrator pipeline started", "correlation_id": null, "thread": "main", "context": null}
{"timestamp": "2026-08-04T10:30:05.503789+00:00", "level": "INFO", "module": "orchestration", "message": "orchestrator pipeline completed", "correlation_id": null, "thread": "main", "context": {"ticker": "AAPL"}}
{"timestamp": "2026-08-04T10:52:01.298742+00:00", "level": "INFO", "module": "orchestration", "message": "orchestrator pipeline started", "correlation_id": null, "thread": "main", "context": null}
{"timestamp": "2026-08-04T10:52:01.299241+00:00", "level": "INFO", "module": "orchestration", "message": "orchestrator pipeline completed", "correlation_id": null, "thread": "main", "context": {"ticker": "AAPL"}}
{"timestamp": "2026-08-04T10:59:30.128036+00:00", "level": "INFO", "module": "orchestration", "message": "orchestrator pipeline started", "correlation_id": null, "thread": "main", "context": null}
{"timestamp": "2026-08-04T10:59:30.128359+00:00", "level": "INFO", "module": "orchestration", "message": "orchestrator pipeline completed", "correlation_id": null, "thread": "main", "context": {"ticker": "AAPL"}}
{"timestamp": "2026-08-04T11:25:49.457151+00:00", "level": "INFO", "module": "orchestration", "message": "orchestrator pipeline started", "correlation_id": null, "thread": "main", "context": null}
{"timestamp": "2026-08-04T11:25:49.458211+00:00", "level": "INFO", "module": "orchestration", "message": "orchestrator pipeline completed", "correlation_id": null, "thread": "main", "context": {"ticker": "AAPL"}}
{"timestamp": "2026-08-04T11:53:52.142978+00:00", "level": "INFO", "module": "orchestration", "message": "orchestrator pipeline started", "correlation_id": null, "thread": "main", "context": null}
{"timestamp": "2026-08-04T11:53:52.143489+00:00", "level": "INFO", "module": "orchestration", "message": "orchestrator pipeline completed", "correlation_id": null, "thread": "main", "context": {"ticker": "AAPL"}}
{"timestamp": "2026-08-04T11:54:27.256890+00:00", "level": "INFO", "module": "orchestration", "message": "orchestrator pipeline started", "correlation_id": null, "thread": "main", "context": null}
{"timestamp": "2026-08-04T11:54:27.257065+00:00", "level": "INFO", "module": "orchestration", "message": "orchestrator pipeline completed", "correlation_id": null, "thread": "main", "context": {"ticker": "AAPL"}}
{"timestamp": "2026-08-04T11:57:05.048919+00:00", "level": "INFO", "module": "orchestration", "message": "orchestrator pipeline started", "correlation_id": null, "thread": "main", "context": null}
{"timestamp": "2026-08-04T11:57:05.049104+00:00", "level": "INFO", "module": "orchestration", "message": "orchestrator pipeline completed", "correlation_id": null, "thread": "main", "context": {"ticker": "AAPL"}}
{"timestamp": "2026-08-04T11:58:43.107891+00:00", "level": "INFO", "module": "orchestration", "message": "orchestrator pipeline started", "correlation_id": null, "thread": "main", "context": null}
{"timestamp": "2026-08-04T11:58:43.108110+00:00", "level": "INFO", "module": "orchestration", "message": "orchestrator pipeline completed", "correlation_id": null, "thread": "main", "context": {"ticker": "AAPL"}}
{"timestamp": "2026-08-04T11:59:10.178239+00:00", "level": "INFO", "module": "orchestration", "message": "orchestrator pipeline started", "correlation_id": null, "thread": "main", "context": null}
{"timestamp": "2026-08-04T11:59:10.178394+00:00", "level": "INFO", "module": "orchestration", "message": "orchestrator pipeline completed", "correlation_id": null, "thread": "main", "context": {"ticker": "AAPL"}}
{"timestamp": "2026-08-04T12:17:08.221273+00:00", "level": "INFO", "module": "orchestration", "message": "orchestrator pipeline started", "correlation_id": null, "thread": "main", "context": null}
{"timestamp": "2026-08-04T12:17:08.221931+00:00", "level": "INFO", "module": "orchestration", "message": "orchestrator pipeline completed", "correlation_id": null, "thread": "main", "context": {"ticker": "AAPL"}}
{"timestamp": "2026-08-04T12:17:34.557312+00:00", "level": "INFO", "module": "orchestration", "message": "orchestrator pipeline started", "correlation_id": null, "thread": "main", "context": null}
{"timestamp": "2026-08-04T12:17:34.557482+00:00", "level": "INFO", "module": "orchestration", "message": "orchestrator pipeline completed", "correlation_id": null, "thread": "main", "context": {"ticker": "AAPL"}}
{"timestamp": "2026-08-04T12:22:30.243896+00:00", "level": "INFO", "module": "orchestration", "message": "orchestrator pipeline started", "correlation_id": null, "thread": "main", "context": null}
{"timestamp": "2026-08-04T12:22:30.244760+00:00", "level": "INFO", "module": "orchestration", "message": "orchestrator pipeline completed", "correlation_id": null, "thread": "main", "context": {"ticker": "AAPL"}}
{"timestamp": "2026-08-04T12:25:16.855099+00:00", "level": "INFO", "module": "orchestration", "message": "orchestrator pipeline started", "correlation_id": null, "thread": "main", "context": null}
{"timestamp": "2026-08-04T12:25:16.856039+00:00", "level": "INFO", "module": "orchestration", "message": "orchestrator pipeline completed", "correlation_id": null, "thread": "main", "context": {"ticker": "AAPL"}}
{"timestamp": "2026-08-04T12:28:20.994560+00:00", "level": "INFO", "module": "orchestration", "message": "orchestrator pipeline started", "correlation_id": null, "thread": "main", "context": null}
{"timestamp": "2026-08-04T12:28:20.995503+00:00", "level": "INFO", "module": "orchestration", "message": "orchestrator pipeline completed", "correlation_id": null, "thread": "main", "context": {"ticker": "AAPL"}}
{"timestamp": "2026-08-04T12:30:45.306455+00:00", "level": "INFO", "module": "orchestration", "message": "orchestrator pipeline started", "correlation_id": null, "thread": "main", "context": null}
{"timestamp": "2026-08-04T12:30:45.307419+00:00", "level": "INFO", "module": "orchestration", "message": "orchestrator pipeline completed", "correlation_id": null, "thread": "main", "context": {"ticker": "AAPL"}}
{"timestamp": "2026-08-04T15:59:04.624383+00:00", "level": "INFO", "module": "orchestration", "message": "orchestrator pipeline started", "correlation_id": null, "thread": "main", "context": null}
{"timestamp": "2026-08-04T15:59:04.624796+00:00", "level": "INFO", "module": "orchestration", "message": "orchestrator pipeline completed", "correlation_id": null, "thread": "main", "context": {"ticker": "AAPL"}}
{"timestamp": "2026-08-04T16:03:17.712191+00:00", "level": "INFO", "module": "orchestration", "message": "orchestrator pipeline started", "correlation_id": null, "thread": "main", "context": null}
{"timestamp": "2026-08-04T16:03:17.712708+00:00", "level": "INFO", "module": "orchestration", "message": "orchestrator pipeline completed", "correlation_id": null, "thread": "main", "context": {"ticker": "AAPL"}}
